// Jest Snapshot v1, https://goo.gl/fbAQLP

exports[`should match snapshot without data 1`] = `
<div
  data-mock="fake-map"
/>
`;
